// Jest Snapshot v1, https://goo.gl/fbAQLP

exports[`<NavbarHeader/> renders correctly 1`] = `
<DocumentFragment>
  <nav
    class="navbar navbar-expand-lg navbar-dark bg-primary"
    id="navbar-header"
  >
    <div
      class="container-fluid"
    >
      <a
        class="d-lg-none navbar-brand"
        href="/"
      >
        Arnaud Deprez
      </a>
      <button
        aria-controls="navbar-header-menu"
        aria-label="Toggle navigation"
        class="btn btn-primary navbar-toggler collapsed"
        type="button"
      />
      <div
        class="justify-content-end navbar-collapse collapse"
        id="navbar-header-menu"
      >
        <ul
          class="navbar-nav"
          role="navigation"
        >
          <li
            class="nav-item"
          >
            <a
              class="nav-link"
              href="/"
            >
               About
            </a>
          </li>
          <li
            class="nav-item"
          >
            <a
              class="nav-link"
              href="/blog/"
            >
               Blog
            </a>
          </li>
          <li
            class="nav-item"
          >
            <a
              class="nav-link"
              href="/contact/"
            >
               Contact
            </a>
          </li>
        </ul>
        <hr
          class="d-lg-none"
        />
        <ul
          class="social-icons d-lg-none flex-row justify-content-center navbar-nav"
          role=""
        >
          <li
            class="nav-item"
          >
            <a
              aria-label="Rss"
              class="nav-link"
              href="/rss.xml"
              rel="noopener noreferrer"
              target="_blank"
            />
          </li>
        </ul>
      </div>
    </div>
  </nav>
</DocumentFragment>
`;
